­ƒöì Test d'acc├¿s ├á l'API OpenAI Realtime...

1´©ÅÔâú V├®rification des mod├¿les disponibles...
   Mod├¿les GPT-4o/Realtime trouv├®s:
   - gpt-4o-mini-tts-2025-12-15
   - gpt-realtime-mini-2025-12-15
   - gpt-4o
   - gpt-4o-2024-05-13
   - gpt-4o-mini-2024-07-18
   - gpt-4o-mini
   - gpt-4o-2024-08-06
   - gpt-4o-audio-preview
   - gpt-4o-audio-preview-2024-12-17
   - gpt-4o-mini-audio-preview-2024-12-17
   - gpt-4o-mini-audio-preview
   - gpt-4o-2024-11-20
   - gpt-4o-search-preview-2025-03-11
   - gpt-4o-search-preview
   - gpt-4o-mini-search-preview-2025-03-11
   - gpt-4o-mini-search-preview
   - gpt-4o-transcribe
   - gpt-4o-mini-transcribe
   - gpt-4o-mini-tts
   - gpt-4o-audio-preview-2025-06-03
   - gpt-4o-transcribe-diarize
   - gpt-realtime
   - gpt-realtime-2025-08-28
   - gpt-realtime-mini
   - gpt-realtime-mini-2025-10-06
   - gpt-4o-mini-transcribe-2025-12-15
   - gpt-4o-mini-transcribe-2025-03-20
   - gpt-4o-mini-tts-2025-03-20

   Ô£à Vous avez acc├¿s aux mod├¿les Realtime!

2´©ÅÔâú Test de connexion ├á l'API Realtime...
   Statut: 201
   Ô£à L'API Realtime est accessible!

3´©ÅÔâú Test de l'API TTS classique...
   ÔØî TTS non disponible: 429

­ƒôï R├®sum├®:
   - Si l'API Realtime ne fonctionne pas, on peut utiliser l'approche "Chained"
   - Chained = Speech Recognition ÔåÆ GPT-4o ÔåÆ TTS
   - Cette alternative est plus fiable et fonctionne avec tous les comptes

